// Jest Snapshot v1, https://goo.gl/fbAQLP

exports[`dog list renders dog list 1`] = `
<Fragment>
  <ul />
</Fragment>
`;
